// Jest Snapshot v1, https://goo.gl/fbAQLP

exports[`NoteListMain component renders a .NoteListMain by default 1`] = `
<ErrorCheck>
  <section
    className="NoteListMain"
  >
    <div
      className="NoteListMain__button-container"
    >
      <CircleButton
        className="NoteListMain__add-note-button"
        tag={
          Object {
            "$$typeof": Symbol(react.forward_ref),
            "displayName": "Link",
            "propTypes": Object {
              "innerRef": [Function],
              "onClick": [Function],
              "replace": [Function],
              "target": [Function],
              "to": [Function],
            },
            "render": [Function],
          }
        }
        to="/add-note"
        type="button"
      >
        <br />
        Add Note
      </CircleButton>
    </div>
    <ul />
  </section>
</ErrorCheck>
`;

exports[`NoteListMain component renders a Note in ul for each notes in array 1`] = `<ul />`;
