// Jest Snapshot v1, https://goo.gl/fbAQLP

exports[`NoteListNav component renders a .NoteListNav by default 1`] = `
<ErrorCheck>
  <div
    className="NoteListNav"
  >
    <div
      className="NoteListNav__button-wrapper"
    >
      <CircleButton
        className="NoteListNav__add-folder-button"
        tag={
          Object {
            "$$typeof": Symbol(react.forward_ref),
            "displayName": "Link",
            "propTypes": Object {
              "innerRef": [Function],
              "onClick": [Function],
              "replace": [Function],
              "target": [Function],
              "to": [Function],
            },
            "render": [Function],
          }
        }
        to="/add-folder"
        type="button"
      >
        <br />
        Add Folder
      </CircleButton>
    </div>
    <ul
      className="NoteListNav__list"
    />
  </div>
</ErrorCheck>
`;

exports[`NoteListNav component renders a link in ul for each folder in array 1`] = `
<ul
  className="NoteListNav__list"
/>
`;
