// Jest Snapshot v1, https://goo.gl/fbAQLP

exports[`NotePageNav component renders a .NotePageNav by default 1`] = `
<ErrorCheck>
  <div
    className="NotePageNav"
  >
    <CircleButton
      className="NotePageNav__back-button"
      onClick={[Function]}
      role="link"
      tag="button"
    >
      <br />
      Back
    </CircleButton>
  </div>
</ErrorCheck>
`;

exports[`NotePageNav component renders a h3 with folder name when in props 1`] = `null`;
